C51 COMPILER V9.60.7.0   DELAY                                                             09/02/2024 11:33:51 PAGE 1   


C51 COMPILER V9.60.7.0, COMPILATION OF MODULE DELAY
OBJECT MODULE PLACED IN .\Objects\delay.obj
COMPILER INVOKED BY: E:\studytools\keil5\C51\BIN\C51.EXE delay.c OPTIMIZE(8,SPEED) BROWSE DEBUG OBJECTEXTEND PRINT(.\Lis
                    -tings\delay.lst) TABS(2) OBJECT(.\Objects\delay.obj)

line level    source

   1          #include "delay.h"
   2          
   3          /*
   4              Tips:
   5                  1 _nop_() for delaying 2us
   6          */
   7          
   8          /*
   9              Name: DelayMs
  10              Function: Delay for ms
  11              Parameter: ms -- the total ms you wanna delay
  12          */
  13          void DelayMs(unsigned int ms)
  14          {
  15   1          unsigned int i;
  16   1          for (i = 0; i < ms; i++) {
  17   2              // set the timer mode 1 (16-bits timer)
  18   2              // eliminate low 4 bits and set the mode to mode 1
  19   2              TMOD &= 0xF0;
  20   2              // timer 0 mode 1
  21   2              TMOD |= 0x01;
  22   2      
  23   2              // set the initial value
  24   2              TH0 = 0xFC;
  25   2              TL0 = 0x66;
  26   2      
  27   2              // start the timer
  28   2              TR0 = 1;
  29   2      
  30   2              // waiting for overflow
  31   2              while (TF0 == 0);
  32   2      
  33   2              // shut down the timer
  34   2              TR0 = 0;
  35   2              // clear the flag
  36   2              TF0 = 0;
  37   2          }
  38   1      }
  39          
  40          /*
  41              Name: LCD_Delay1ms
  42              Function: delay 1 ms
  43              Parameter: none
  44          */
  45          void LCD_Delay1ms(void) //@11.0592MHz
  46          {
  47   1          unsigned char data i, j;
  48   1      
  49   1          _nop_();
  50   1          i = 2;
  51   1          j = 199;
  52   1          do {
  53   2              while (--j);
  54   2          } while (--i);
C51 COMPILER V9.60.7.0   DELAY                                                             09/02/2024 11:33:51 PAGE 2   

  55   1      }


MODULE INFORMATION:   STATIC OVERLAYABLE
   CODE SIZE        =     49    ----
   CONSTANT SIZE    =   ----    ----
   XDATA SIZE       =   ----    ----
   PDATA SIZE       =   ----    ----
   DATA SIZE        =   ----    ----
   IDATA SIZE       =   ----    ----
   BIT SIZE         =   ----    ----
END OF MODULE INFORMATION.


C51 COMPILATION COMPLETE.  0 WARNING(S),  0 ERROR(S)
