C51 COMPILER V9.60.7.0   MAIN                                                              09/04/2024 00:22:02 PAGE 1   


C51 COMPILER V9.60.7.0, COMPILATION OF MODULE MAIN
OBJECT MODULE PLACED IN .\Objects\main.obj
COMPILER INVOKED BY: E:\studytools\keil5\C51\BIN\C51.EXE main.c OPTIMIZE(8,SPEED) BROWSE DEBUG OBJECTEXTEND PRINT(.\List
                    -ings\main.lst) TABS(2) OBJECT(.\Objects\main.obj)

line level    source

   1          /*
   2           hushmoon
   3           2024.9.3
   4           END
   5          */
   6          #include <REG52.H>
   7          #include "delay.h"
   8          #include "LCD1602.h"
   9          #include "MLX90614.h"
  10          #include "main.h"
*** WARNING C318 IN LINE 2 OF main.h: can't open file 'intrin.h'
  11          
  12          int Temp;
  13          
  14          sbit SW = P1 ^ 2;
  15          
  16          /*
  17              @author hushmoon
  18              Name: Display_Main
  19              Function: Display the main interface
  20              Parameter: void
  21          */
  22          void Display_Main(void)
  23          {
  24   1          LCD_Clear();
  25   1          LCD_Display_String(0, 0, "Temp:    .   C");
  26   1          LCD_Display_Char(12, 0, 0xDF);
  27   1      }
  28          
  29          /*
  30              @author hushmoon
  31              Name: Get_Temperature
  32              Function: Get the temperature and display it
  33              Parameter: void
  34          */
  35          void Get_Temperature(void)
  36          {
  37   1          LCD_Display_Char(5, 0, ' ');
  38   1          LCD_Display_Char(6, 0, Temp / 10000 % 10 + 0x30);
  39   1          LCD_Display_Char(7, 0, Temp / 1000 % 10 + 0x30);
  40   1          LCD_Display_Char(8, 0, Temp / 100 % 10 + 0x30);
  41   1          LCD_Display_Char(10, 0, Temp / 10 % 10 + 0x30);
  42   1          LCD_Display_Char(11, 0, Temp % 10 + 0x30);
  43   1      }
  44          
  45          void main(void)
  46          {
  47   1          DelayMs(100);
  48   1          LCD_Init();
  49   1          Display_Main();
  50   1          while (1) {
  51   2              if (SW == 0) {
  52   3                  DelayMs(20);
  53   3                  if (SW == 0) {
C51 COMPILER V9.60.7.0   MAIN                                                              09/04/2024 00:22:02 PAGE 2   

  54   4                      Temp = Convert_T();
  55   4                      Get_Temperature();
  56   4                  }
  57   3              }
  58   2              while (SW == 0);
  59   2              DelayMs(20);
  60   2          }
  61   1      }


MODULE INFORMATION:   STATIC OVERLAYABLE
   CODE SIZE        =    219    ----
   CONSTANT SIZE    =     15    ----
   XDATA SIZE       =   ----    ----
   PDATA SIZE       =   ----    ----
   DATA SIZE        =      2    ----
   IDATA SIZE       =   ----    ----
   BIT SIZE         =   ----    ----
END OF MODULE INFORMATION.


C51 COMPILATION COMPLETE.  1 WARNING(S),  0 ERROR(S)
